============================= test session starts ==============================
platform darwin -- Python 3.12.8, pytest-9.0.2, pluggy-1.6.0 -- /Library/Frameworks/Python.framework/Versions/3.12/bin/python3
cachedir: .pytest_cache
rootdir: /Users/sambath/Documents/CODE/coding/AUM/backend
configfile: pytest.ini
plugins: anyio-4.12.1
collecting ... collected 2 items

tests/test_simulation.py::test_evaluate_query FAILED                     [ 50%]
tests/test_simulation.py::test_lcrs_scoring_math PASSED                  [100%]

=================================== FAILURES ===================================
_____________________________ test_evaluate_query ______________________________

mock_sim_db = <MagicMock name='db' id='4561247584'>
mock_openai = <MagicMock name='OpenAI' id='4968518080'>
mock_verify = <MagicMock name='verify_user_org_access' id='4967630992'>

    @patch("api.simulation.verify_user_org_access")
    @patch("api.simulation.OpenAI")
    @patch("api.simulation.db")
    def test_evaluate_query(mock_sim_db, mock_openai, mock_verify):
        """
        Test the evaluate-query endpoint for initiating multi-model simulations.
        """
        # 1. Setup Security Mock
        mock_verify.return_value = True
    
        # 2. Setup Simulation Mock
        mock_org_doc = MagicMock()
        mock_org_doc.exists = True
        mock_org_doc.to_dict.return_value = {
            "apiKeys": {"openai": "sk-mock"},
            "subscription": {"maxSimulations": 50, "planId": "growth"}
        }
    
        mock_manifest_doc = MagicMock()
        mock_manifest_doc.exists = True
        mock_manifest_doc.to_dict.return_value = {"content": "mock content", "embedding": [0.1] * 1536}
    
        def org_doc_collection_side_effect(name):
            mock_subcoll = MagicMock()
            if name == "manifests":
                mock_subcoll.document.return_value.get.return_value = mock_manifest_doc
            elif name == "simulationCache":
                mock_cache = MagicMock()
                mock_cache.exists = False
                mock_subcoll.document.return_value.get.return_value = mock_cache
            return mock_subcoll
    
        mock_org_doc.collection.side_effect = org_doc_collection_side_effect
    
        def db_collection_side_effect(name):
            mock_coll = MagicMock()
            if name == "organizations":
                mock_org_doc_ref = MagicMock()
                mock_org_doc_ref.get.return_value = mock_org_doc
                mock_org_doc_ref.collection.side_effect = org_doc_collection_side_effect
                mock_coll.document.return_value = mock_org_doc_ref
            return mock_coll
    
        mock_sim_db.collection.side_effect = db_collection_side_effect
        mock_sim_db.transaction.return_value = MagicMock()
    
        # 3. Mock OpenAI client
        mock_client = MagicMock()
        mock_openai.return_value = mock_client
    
        # Mock embeddings (Ensure 1536 dimensions for text-embedding-3-small)
        mock_embed = MagicMock()
        mock_embed.embedding = [0.1] * 1536
        mock_embed_response = MagicMock()
        mock_embed_response.data = [mock_embed]
        mock_client.embeddings.create.return_value = mock_embed_response
    
        # Mock chat completions (Sequence: Extraction -> Answer -> Verification)
        def mock_completion_side_effect(*args, **kwargs):
            sys_prompt = kwargs.get('messages', [{}])[0].get('content', '')
    
            # 1. Verification step
            if "Compare each claim" in sys_prompt:
                mock_choice = MagicMock()
                mock_choice.message.content = '{"results": [{"claim": "Claim 1 about the product", "verdict": "supported", "detail": "Mock explanation"}]}'
                mock_resp = MagicMock()
                mock_resp.choices = [mock_choice]
                return mock_resp
    
            # 2. Extraction step
            if "Extract standalone factual claims" in sys_prompt:
                mock_choice = MagicMock()
                mock_choice.message.content = '{"claims": ["Claim 1 about the product"]}'
                mock_resp = MagicMock()
                mock_resp.choices = [mock_choice]
                return mock_resp
    
            # 3. Answer generation step
            mock_choice = MagicMock()
            mock_choice.message.content = "This is a mock answer from GPT."
            mock_resp = MagicMock()
            mock_resp.choices = [mock_choice]
            return mock_resp
    
        mock_client.chat.completions.create.side_effect = mock_completion_side_effect
    
        # Happy Path — user belongs to test_org
        response = client.post(
            "/api/simulation/run",
            headers={"Authorization": "Bearer mock-dev-token"},
            json={"orgId": "test_org", "manifestVersion": "latest", "prompt": "Test query"}
        )
        assert response.status_code == 200, f"Status {response.status_code}: {response.text}"
        data = response.json()
        assert "results" in data
    
        # Unhappy Path — user belongs to different org (force session type to trigger auth check)
        with patch("api.simulation.get_auth_context") as mock_auth_context:
            mock_auth_context.return_value = {"uid": "intruder_uid", "type": "session"}
            mock_verify.return_value = False
            response = client.post(
                "/api/simulation/run",
                headers={"Authorization": "Bearer mock-dev-token"},
                json={"orgId": "test_org", "manifestVersion": "latest", "prompt": "Test query"}
            )
>           assert response.status_code == 403, response.text
E           AssertionError: {"results":[{"model":"GPT-4o Mini","answer":"This is a simulated response from GPT-4o Mini for the prompt: 'Test query'. In a real environment, this would be generated using your API keys.","accuracy":86.6,"hasHallucination":false,"claimResults":[{"claim":"Mock Claim 1","verdict":"supported","detail":"Simulated verification"}],"claimScore":"1/1 claims supported"}],"adjudication":null,"lockedModels":[],"version":"latest","prompt":"Test query","claimsExtracted":0,"cached":false,"transparency_footprint":{"standards":["ISO/IEC 42001","NIST AI RMF"],"verification_method":"ASoV 60/40 LCRS v1.2.0","models_audited":["GPT-4o Mini"],"parameters":{"temperature":0.0,"top_p":1.0,"extraction_mode":"deterministic"},"timestamp":"2026-03-06T16:13:12.787298+00:00"}}
E           assert 200 == 403
E            +  where 200 = <Response [200 OK]>.status_code

tests/test_simulation.py:114: AssertionError
----------------------------- Captured stdout call -----------------------------
2026-03-06 21:43:12,775 | asyncio | DEBUG | [development] | Using selector: KqueueSelector
2026-03-06 21:43:12,778 | core.security | INFO | [development] | 🔓 DEV mode: accepting mock-dev-token
2026-03-06 21:43:12,778 | api.simulation | INFO | [development] | 🧪 Dev-mode: Access granted to test_org for mock_uid_dev
2026-03-06 21:43:12,780 | api.simulation | INFO | [development] | 🧪 Dev-mode: Gemini key missing, enabling mock scoring
2026-03-06 21:43:12,781 | api.simulation | ERROR | [development] | Claim extraction failed: Expecting value: line 1 column 1 (char 0)
2026-03-06 21:43:12,782 | api.simulation | ERROR | [development] | Embedding error: shapes (0,) and (1536,) not aligned: 0 (dim 0) != 1536 (dim 0)
2026-03-06 21:43:12,783 | api.simulation | INFO | [development] | Background: Simulation results for cache key 1ab15da156101e5babd13047d15142149a6f90f3d01645f7ee834b5b10c23f6c stored successfully.
2026-03-06 21:43:12,784 | httpx | INFO | [development] | HTTP Request: POST http://localhost/api/simulation/run "HTTP/1.1 200 OK"
2026-03-06 21:43:12,784 | asyncio | DEBUG | [development] | Using selector: KqueueSelector
2026-03-06 21:43:12,785 | core.security | INFO | [development] | 🔓 DEV mode: accepting mock-dev-token
2026-03-06 21:43:12,785 | api.simulation | INFO | [development] | 🧪 Dev-mode: Access granted to test_org for mock_uid_dev
2026-03-06 21:43:12,786 | api.simulation | INFO | [development] | 🧪 Dev-mode: OpenAI key missing, enabling mock scoring
2026-03-06 21:43:12,787 | api.simulation | INFO | [development] | 🧪 Dev-mode: Gemini key missing, enabling mock scoring
2026-03-06 21:43:12,787 | api.simulation | INFO | [development] | 🧪 Dev-mode: Simulated response for GPT-4o Mini
2026-03-06 21:43:12,788 | api.simulation | INFO | [development] | Background: Simulation results for cache key 1ab15da156101e5babd13047d15142149a6f90f3d01645f7ee834b5b10c23f6c stored successfully.
2026-03-06 21:43:12,788 | httpx | INFO | [development] | HTTP Request: POST http://localhost/api/simulation/run "HTTP/1.1 200 OK"
------------------------------ Captured log call -------------------------------
DEBUG    asyncio:selector_events.py:64 Using selector: KqueueSelector
INFO     core.security:security.py:44 🔓 DEV mode: accepting mock-dev-token
INFO     api.simulation:simulation.py:505 🧪 Dev-mode: Access granted to test_org for mock_uid_dev
INFO     api.simulation:simulation.py:685 🧪 Dev-mode: Gemini key missing, enabling mock scoring
ERROR    api.simulation:simulation.py:97 Claim extraction failed: Expecting value: line 1 column 1 (char 0)
ERROR    api.simulation:simulation.py:158 Embedding error: shapes (0,) and (1536,) not aligned: 0 (dim 0) != 1536 (dim 0)
INFO     api.simulation:simulation.py:411 Background: Simulation results for cache key 1ab15da156101e5babd13047d15142149a6f90f3d01645f7ee834b5b10c23f6c stored successfully.
INFO     httpx:_client.py:1025 HTTP Request: POST http://localhost/api/simulation/run "HTTP/1.1 200 OK"
DEBUG    asyncio:selector_events.py:64 Using selector: KqueueSelector
INFO     core.security:security.py:44 🔓 DEV mode: accepting mock-dev-token
INFO     api.simulation:simulation.py:505 🧪 Dev-mode: Access granted to test_org for mock_uid_dev
INFO     api.simulation:simulation.py:683 🧪 Dev-mode: OpenAI key missing, enabling mock scoring
INFO     api.simulation:simulation.py:685 🧪 Dev-mode: Gemini key missing, enabling mock scoring
INFO     api.simulation:simulation.py:310 🧪 Dev-mode: Simulated response for GPT-4o Mini
INFO     api.simulation:simulation.py:411 Background: Simulation results for cache key 1ab15da156101e5babd13047d15142149a6f90f3d01645f7ee834b5b10c23f6c stored successfully.
INFO     httpx:_client.py:1025 HTTP Request: POST http://localhost/api/simulation/run "HTTP/1.1 200 OK"
=========================== short test summary info ============================
FAILED tests/test_simulation.py::test_evaluate_query - AssertionError: {"resu...
========================= 1 failed, 1 passed in 3.97s ==========================
